------------------------------------------------------------
Timing Analyzer Summary
------------------------------------------------------------

Type  : Slow 1200mV 85C Model Setup 'score[10]'
Slack : -17.238
TNS   : -379.189

Type  : Slow 1200mV 85C Model Setup 'MAX10_CLK1_50'
Slack : -2.519
TNS   : -23.035

Type  : Slow 1200mV 85C Model Hold 'score[10]'
Slack : -0.020
TNS   : -0.020

Type  : Slow 1200mV 85C Model Hold 'MAX10_CLK1_50'
Slack : 0.108
TNS   : 0.000

Type  : Slow 1200mV 85C Model Minimum Pulse Width 'score[10]'
Slack : -4.202
TNS   : -2203.599

Type  : Slow 1200mV 85C Model Minimum Pulse Width 'MAX10_CLK1_50'
Slack : -3.000
TNS   : -24.996

Type  : Slow 1200mV 0C Model Setup 'score[10]'
Slack : -15.690
TNS   : -343.560

Type  : Slow 1200mV 0C Model Setup 'MAX10_CLK1_50'
Slack : -2.169
TNS   : -19.571

Type  : Slow 1200mV 0C Model Hold 'score[10]'
Slack : 0.037
TNS   : 0.000

Type  : Slow 1200mV 0C Model Hold 'MAX10_CLK1_50'
Slack : 0.130
TNS   : 0.000

Type  : Slow 1200mV 0C Model Minimum Pulse Width 'score[10]'
Slack : -3.678
TNS   : -1919.590

Type  : Slow 1200mV 0C Model Minimum Pulse Width 'MAX10_CLK1_50'
Slack : -3.000
TNS   : -24.996

Type  : Fast 1200mV 0C Model Setup 'score[10]'
Slack : -8.418
TNS   : -186.090

Type  : Fast 1200mV 0C Model Setup 'MAX10_CLK1_50'
Slack : -0.710
TNS   : -4.847

Type  : Fast 1200mV 0C Model Hold 'score[10]'
Slack : -0.204
TNS   : -1.219

Type  : Fast 1200mV 0C Model Hold 'MAX10_CLK1_50'
Slack : 0.015
TNS   : 0.000

Type  : Fast 1200mV 0C Model Minimum Pulse Width 'MAX10_CLK1_50'
Slack : -3.000
TNS   : -21.981

Type  : Fast 1200mV 0C Model Minimum Pulse Width 'score[10]'
Slack : -1.986
TNS   : -749.844

------------------------------------------------------------
